// Jest Snapshot v1, https://goo.gl/fbAQLP

exports[`Kitchen sink snapshot Renders correctly and snapShot matches 1`] = `
<RNCSafeAreaProvider
  onInsetsChange={[Function]}
  style={
    Array [
      Object {
        "flex": 1,
      },
      undefined,
    ]
  }
/>
`;
