// Jest Snapshot v1, https://goo.gl/fbAQLP

exports[`Kitchen sink snapshot Renders correctly and snapShot matches 1`] = `
<View
  collapsable={false}
  pointerEvents="box-none"
  style={
    Object {
      "flex": 1,
    }
  }
>
  <View
    collapsable={false}
    style={
      Object {
        "backgroundColor": "#ffffff",
        "borderColor": "rgba(0, 0, 0, 0.12)",
        "borderRadius": 4,
        "elevation": 1,
        "margin": 10,
        "marginBottom": 10,
        "padding": 0,
        "shadowColor": "#000000",
        "shadowOffset": Object {
          "height": 0.5,
          "width": 0,
        },
        "shadowOpacity": 0.24,
        "shadowRadius": 0.75,
      }
    }
  >
    <View
      accessibilityState={
        Object {
          "disabled": true,
        }
      }
      accessible={true}
      focusable={false}
      onClick={[Function]}
      onResponderGrant={[Function]}
      onResponderMove={[Function]}
      onResponderRelease={[Function]}
      onResponderTerminate={[Function]}
      onResponderTerminationRequest={[Function]}
      onStartShouldSetResponder={[Function]}
      style={
        Object {
          "flexGrow": 1,
          "flexShrink": 1,
        }
      }
    >
      <View
        collapsable={false}
        index={0}
        siblings={
          Array [
            "withTheme(Divider)",
            "withTheme(Divider)",
          ]
        }
        style={
          Object {
            "backgroundColor": "#007bc1",
            "borderColor": "",
            "borderRadius": 4,
            "borderStyle": "solid",
            "borderWidth": 0,
            "elevation": 2,
            "minWidth": 64,
            "shadowColor": "#000000",
            "shadowOffset": Object {
              "height": 0.75,
              "width": 0,
            },
            "shadowOpacity": 0.24,
            "shadowRadius": 1.5,
          }
        }
        total={5}
      >
        <View
          accessibilityRole="button"
          accessibilityState={
            Object {
              "disabled": false,
            }
          }
          accessible={true}
          focusable={true}
          onClick={[Function]}
          onResponderGrant={[Function]}
          onResponderMove={[Function]}
          onResponderRelease={[Function]}
          onResponderTerminate={[Function]}
          onResponderTerminationRequest={[Function]}
          onStartShouldSetResponder={[Function]}
          style={
            Array [
              Object {
                "overflow": "hidden",
              },
              Object {
                "borderRadius": 4,
              },
            ]
          }
        >
          <View
            style={
              Array [
                Object {
                  "alignItems": "center",
                  "flexDirection": "row",
                  "justifyContent": "center",
                },
                undefined,
              ]
            }
          >
            <Text
              numberOfLines={1}
              selectable={false}
              style={
                Array [
                  Object {
                    "color": "#424e54",
                    "fontFamily": "OpenSans-Regular",
                    "fontWeight": "400",
                  },
                  Object {
                    "textAlign": "left",
                  },
                  Array [
                    Object {
                      "letterSpacing": 1,
                      "marginHorizontal": 16,
                      "marginVertical": 9,
                      "textAlign": "center",
                    },
                    undefined,
                    Object {
                      "textTransform": "uppercase",
                    },
                    Object {
                      "color": "#ffffff",
                      "fontFamily": "OpenSans-SemiBold",
                      "fontWeight": "600",
                    },
                    Object {
                      "fontFamily": "OpenSans-SemiBold",
                      "fontWeight": "600",
                    },
                    Array [
                      Object {
                        "color": "#ffffff",
                      },
                      undefined,
                    ],
                  ],
                ]
              }
            >
              Cycle Variant
            </Text>
          </View>
        </View>
      </View>
      <View
        index={1}
        siblings={
          Array [
            "withTheme(Divider)",
            "withTheme(Divider)",
          ]
        }
        style={
          Array [
            Object {
              "backgroundColor": "rgba(0, 0, 0, 0.12)",
              "height": 0.5,
            },
            undefined,
            undefined,
          ]
        }
        total={5}
      />
      <Text
        allowFontScaling={true}
        index={2}
        maxFontSizeMultiplier={100}
        siblings={
          Array [
            "withTheme(Divider)",
            "withTheme(Divider)",
          ]
        }
        style={
          Array [
            Object {
              "color": "#424e54",
            },
            Object {
              "writingDirection": "ltr",
            },
            Object {},
            Object {
              "fontFamily": "OpenSans-Regular",
              "fontSize": 16,
              "fontWeight": "400",
              "letterSpacing": 0,
            },
            Object {},
            undefined,
            Object {
              "color": "#424e54",
              "margin": 32,
              "textAlign": "center",
            },
          ]
        }
        total={5}
      >
        Step #
        1
      </Text>
      <View
        index={3}
        siblings={
          Array [
            "withTheme(Divider)",
            "withTheme(Divider)",
          ]
        }
        style={
          Array [
            Object {
              "backgroundColor": "rgba(0, 0, 0, 0.12)",
              "height": 0.5,
            },
            undefined,
            undefined,
          ]
        }
        total={5}
      />
      <View
        index={4}
        siblings={
          Array [
            "withTheme(Divider)",
            "withTheme(Divider)",
          ]
        }
        style={
          Array [
            Object {
              "alignItems": "center",
              "flexDirection": "row",
              "justifyContent": "center",
              "margin": 16,
            },
            undefined,
            undefined,
          ]
        }
        total={5}
      >
        <View
          style={
            Object {
              "flex": 1,
            }
          }
        >
          <View
            collapsable={false}
            style={
              Object {
                "alignSelf": "flex-start",
                "backgroundColor": "",
                "borderColor": "rgba(161, 167, 170, 0.36)",
                "borderRadius": 4,
                "borderStyle": "solid",
                "borderWidth": 1,
                "elevation": 0,
                "minWidth": 64,
                "shadowColor": "#000000",
                "shadowOffset": Object {
                  "height": 0,
                  "width": 0,
                },
                "shadowOpacity": 0,
                "shadowRadius": 0,
                "width": 100,
              }
            }
          >
            <View
              accessibilityRole="button"
              accessibilityState={
                Object {
                  "disabled": true,
                }
              }
              accessible={true}
              focusable={true}
              onClick={[Function]}
              onResponderGrant={[Function]}
              onResponderMove={[Function]}
              onResponderRelease={[Function]}
              onResponderTerminate={[Function]}
              onResponderTerminationRequest={[Function]}
              onStartShouldSetResponder={[Function]}
              style={
                Array [
                  Object {
                    "overflow": "hidden",
                  },
                  Object {
                    "borderRadius": 4,
                  },
                ]
              }
            >
              <View
                style={
                  Array [
                    Object {
                      "alignItems": "center",
                      "flexDirection": "row",
                      "justifyContent": "center",
                    },
                    undefined,
                  ]
                }
              >
                <Text
                  numberOfLines={1}
                  selectable={false}
                  style={
                    Array [
                      Object {
                        "color": "#424e54",
                        "fontFamily": "OpenSans-Regular",
                        "fontWeight": "400",
                      },
                      Object {
                        "textAlign": "left",
                      },
                      Array [
                        Object {
                          "letterSpacing": 1,
                          "marginHorizontal": 16,
                          "marginVertical": 9,
                          "textAlign": "center",
                        },
                        undefined,
                        Object {
                          "textTransform": "uppercase",
                        },
                        Object {
                          "color": "rgba(0, 0, 0, 0.32)",
                          "fontFamily": "OpenSans-SemiBold",
                          "fontWeight": "600",
                        },
                        Object {
                          "fontFamily": "OpenSans-SemiBold",
                          "fontWeight": "600",
                        },
                        Array [
                          Object {
                            "color": "rgba(66, 78, 84, 0.3)",
                          },
                          undefined,
                        ],
                      ],
                    ]
                  }
                >
                  Back
                </Text>
              </View>
            </View>
          </View>
        </View>
        <View
          style={
            Array [
              Object {
                "alignItems": "center",
                "flex": 1,
                "flexDirection": "row",
                "justifyContent": "center",
              },
              undefined,
            ]
          }
        >
          <View
            style={
              Array [
                Object {
                  "backgroundColor": "#b9bfc2",
                  "borderRadius": 8,
                  "height": 8,
                  "marginHorizontal": 4,
                  "overflow": "hidden",
                  "width": 8,
                },
                undefined,
                Object {
                  "backgroundColor": "#007bc1",
                },
                undefined,
              ]
            }
            testID="blui-dot"
          />
          <View
            style={
              Array [
                Object {
                  "backgroundColor": "#b9bfc2",
                  "borderRadius": 8,
                  "height": 8,
                  "marginHorizontal": 4,
                  "overflow": "hidden",
                  "width": 8,
                },
                undefined,
                Object {},
                Object {},
              ]
            }
            testID="blui-dot"
          />
          <View
            style={
              Array [
                Object {
                  "backgroundColor": "#b9bfc2",
                  "borderRadius": 8,
                  "height": 8,
                  "marginHorizontal": 4,
                  "overflow": "hidden",
                  "width": 8,
                },
                undefined,
                Object {},
                Object {},
              ]
            }
            testID="blui-dot"
          />
          <View
            style={
              Array [
                Object {
                  "backgroundColor": "#b9bfc2",
                  "borderRadius": 8,
                  "height": 8,
                  "marginHorizontal": 4,
                  "overflow": "hidden",
                  "width": 8,
                },
                undefined,
                Object {},
                Object {},
              ]
            }
            testID="blui-dot"
          />
          <View
            style={
              Array [
                Object {
                  "backgroundColor": "#b9bfc2",
                  "borderRadius": 8,
                  "height": 8,
                  "marginHorizontal": 4,
                  "overflow": "hidden",
                  "width": 8,
                },
                undefined,
                Object {},
                Object {},
              ]
            }
            testID="blui-dot"
          />
        </View>
        <View
          style={
            Object {
              "flex": 1,
            }
          }
        >
          <View
            collapsable={false}
            style={
              Object {
                "alignSelf": "flex-end",
                "backgroundColor": "#007bc1",
                "borderColor": "",
                "borderRadius": 4,
                "borderStyle": "solid",
                "borderWidth": 0,
                "elevation": 2,
                "minWidth": 64,
                "shadowColor": "#000000",
                "shadowOffset": Object {
                  "height": 0.75,
                  "width": 0,
                },
                "shadowOpacity": 0.24,
                "shadowRadius": 1.5,
                "width": 100,
              }
            }
          >
            <View
              accessibilityRole="button"
              accessibilityState={
                Object {
                  "disabled": false,
                }
              }
              accessible={true}
              focusable={true}
              onClick={[Function]}
              onResponderGrant={[Function]}
              onResponderMove={[Function]}
              onResponderRelease={[Function]}
              onResponderTerminate={[Function]}
              onResponderTerminationRequest={[Function]}
              onStartShouldSetResponder={[Function]}
              style={
                Array [
                  Object {
                    "overflow": "hidden",
                  },
                  Object {
                    "borderRadius": 4,
                  },
                ]
              }
            >
              <View
                style={
                  Array [
                    Object {
                      "alignItems": "center",
                      "flexDirection": "row",
                      "justifyContent": "center",
                    },
                    undefined,
                  ]
                }
              >
                <Text
                  numberOfLines={1}
                  selectable={false}
                  style={
                    Array [
                      Object {
                        "color": "#424e54",
                        "fontFamily": "OpenSans-Regular",
                        "fontWeight": "400",
                      },
                      Object {
                        "textAlign": "left",
                      },
                      Array [
                        Object {
                          "letterSpacing": 1,
                          "marginHorizontal": 16,
                          "marginVertical": 9,
                          "textAlign": "center",
                        },
                        undefined,
                        Object {
                          "textTransform": "uppercase",
                        },
                        Object {
                          "color": "#ffffff",
                          "fontFamily": "OpenSans-SemiBold",
                          "fontWeight": "600",
                        },
                        Object {
                          "fontFamily": "OpenSans-SemiBold",
                          "fontWeight": "600",
                        },
                        Array [
                          Object {
                            "color": "#ffffff",
                          },
                          undefined,
                        ],
                      ],
                    ]
                  }
                >
                  Next
                </Text>
              </View>
            </View>
          </View>
        </View>
      </View>
    </View>
  </View>
</View>
`;
